// Jest Snapshot v1, https://goo.gl/fbAQLP

exports[`Multi-Currency store settings store settings task renders correctly: snapshot-multi-currency-store_settings 1`] = `
.emotion-0 {
  background-color: #fff;
  color: #1e1e1e;
  position: relative;
  box-shadow: 0 0 0 1px rgba(0, 0, 0, 0.1);
  outline: none;
  border-radius: calc(8px - 1px);
}

.emotion-2 {
  height: 100%;
}

.emotion-4 {
  box-sizing: border-box;
  height: auto;
  max-height: 100%;
  padding: calc(4px * 4) calc(4px * 6);
}

.emotion-4:first-of-type {
  border-top-left-radius: calc(8px - 1px);
  border-top-right-radius: calc(8px - 1px);
}

.emotion-4:last-of-type {
  border-bottom-left-radius: calc(8px - 1px);
  border-bottom-right-radius: calc(8px - 1px);
}

.emotion-6 {
  display: -webkit-box;
  display: -webkit-flex;
  display: -ms-flexbox;
  display: flex;
  -webkit-align-items: normal;
  -webkit-box-align: normal;
  -ms-flex-align: normal;
  align-items: normal;
  -webkit-flex-direction: column;
  -ms-flex-direction: column;
  flex-direction: column;
  gap: calc(4px * 4);
  -webkit-box-pack: justify;
  -webkit-justify-content: space-between;
  justify-content: space-between;
  height: 100%;
}

.emotion-6>* {
  min-height: 0;
}

.emotion-8 {
  display: block;
  max-height: 100%;
  max-width: 100%;
  min-height: 0;
  min-width: 0;
  display: block;
}

.emotion-10 {
  font-family: -apple-system,BlinkMacSystemFont,'Segoe UI',Roboto,Oxygen-Sans,Ubuntu,Cantarell,'Helvetica Neue',sans-serif;
  font-size: 13px;
  box-sizing: border-box;
}

.emotion-10 *,
.emotion-10 *::before,
.emotion-10 *::after {
  box-sizing: inherit;
}

.components-panel__row .emotion-12 {
  margin-bottom: inherit;
}

.emotion-14 {
  display: -webkit-box;
  display: -webkit-flex;
  display: -ms-flexbox;
  display: flex;
  -webkit-align-items: flex-start;
  -webkit-box-align: flex-start;
  -ms-flex-align: flex-start;
  align-items: flex-start;
  -webkit-flex-direction: row;
  -ms-flex-direction: row;
  flex-direction: row;
  gap: 0;
  -webkit-box-pack: start;
  -ms-flex-pack: start;
  -webkit-justify-content: start;
  justify-content: start;
  width: 100%;
}

.emotion-14>* {
  min-width: 0;
}

.emotion-16 {
  margin-top: calc(4px * 2);
  margin-bottom: 0;
  font-size: 12px;
  font-style: normal;
  color: #757575;
}

.emotion-28 {
  background: transparent;
  display: block;
  margin: 0!important;
  pointer-events: none;
  position: absolute;
  will-change: box-shadow;
  border-radius: inherit;
  bottom: 0;
  box-shadow: 0 0px 0px 0 rgba(0, 0, 0, 0);
  opacity: 1;
  left: 0;
  right: 0;
  top: 0;
  border-radius: 8px;
}

@media not ( prefers-reduced-motion ) {
  .emotion-28 {
    -webkit-transition: box-shadow 200ms cubic-bezier(0.08, 0.52, 0.52, 1);
    transition: box-shadow 200ms cubic-bezier(0.08, 0.52, 0.52, 1);
  }
}

<div>
  <li
    class="wcpay-wizard-task is-active"
  >
    <div
      class="wcpay-wizard-task__top-border"
    />
    <div
      class="wcpay-wizard-task__headline"
      tabindex="-1"
    >
      <div
        class="wcpay-wizard-task__icon-wrapper"
      >
        <div
          class="wcpay-wizard-task__icon-text"
        >
          2
        </div>
        <svg
          aria-hidden="true"
          class="wcpay-wizard-task__icon-checkmark"
          focusable="false"
          height="24"
          viewBox="0 0 24 24"
          width="24"
          xmlns="http://www.w3.org/2000/svg"
        >
          <path
            d="M16.7 7.1l-6.3 8.5-3.3-2.5-.9 1.2 4.5 3.4L17.9 8z"
          />
        </svg>
      </div>
      <span
        class="wcpay-wizard-task__title"
      >
        <span>
          Review store settings
        </span>
      </span>
    </div>
    <div
      class="wcpay-wizard-task__body"
    >
      <div
        class="task-collapsible-body multi-currency-settings-task__body is-active"
      >
        <p
          class="wcpay-wizard-task__description-element is-muted-color"
        >
          These settings can be changed any time by visiting the Multi-Currency settings
        </p>
        <div
          class="components-surface components-card multi-currency-settings-task__wrapper emotion-0 emotion-1"
          data-wp-c16t="true"
          data-wp-component="Card"
        >
          <div
            class="emotion-2 emotion-1"
          >
            <div
              class="components-card__body components-card-body emotion-4 emotion-1"
              data-wp-c16t="true"
              data-wp-component="CardBody"
            >
              <div
                class="components-flex emotion-6 emotion-1"
                data-wp-c16t="true"
                data-wp-component="Flex"
              >
                <div
                  class="components-flex-item emotion-8 emotion-1"
                  data-wp-c16t="true"
                  data-wp-component="FlexItem"
                >
                  <div
                    class="components-base-control components-checkbox-control emotion-10 emotion-11"
                  >
                    <div
                      class="components-base-control__field emotion-12 emotion-13"
                    >
                      <div
                        class="components-flex components-h-stack emotion-14 emotion-1"
                        data-wp-c16t="true"
                        data-wp-component="HStack"
                      >
                        <span
                          class="components-checkbox-control__input-container"
                        >
                          <input
                            aria-describedby="inspector-checkbox-control-0__help"
                            class="components-checkbox-control__input"
                            data-testid="enable_auto_currency"
                            id="inspector-checkbox-control-0"
                            type="checkbox"
                            value="1"
                          />
                        </span>
                        <label
                          class="components-checkbox-control__label"
                          for="inspector-checkbox-control-0"
                        >
                          Automatically switch customers to their local currency if it has been enabled
                        </label>
                      </div>
                    </div>
                    <p
                      class="components-base-control__help emotion-16 emotion-17"
                      id="inspector-checkbox-control-0__help"
                    >
                      <span
                        class="components-checkbox-control__help"
                      >
                        Customers will be notified via store alert banner.
                      </span>
                    </p>
                  </div>
                </div>
                <div
                  class="components-flex-item emotion-8 emotion-1"
                  data-wp-c16t="true"
                  data-wp-component="FlexItem"
                >
                  <div
                    class="components-base-control components-checkbox-control emotion-10 emotion-11"
                  >
                    <div
                      class="components-base-control__field emotion-12 emotion-13"
                    >
                      <div
                        class="components-flex components-h-stack emotion-14 emotion-1"
                        data-wp-c16t="true"
                        data-wp-component="HStack"
                      >
                        <span
                          class="components-checkbox-control__input-container"
                        >
                          <input
                            aria-describedby="inspector-checkbox-control-1__help"
                            class="components-checkbox-control__input"
                            data-testid="enable_storefront_switcher"
                            id="inspector-checkbox-control-1"
                            type="checkbox"
                            value="1"
                          />
                        </span>
                        <label
                          class="components-checkbox-control__label"
                          for="inspector-checkbox-control-1"
                        >
                          Add a currency switcher to the Storefront theme on breadcrumb section.
                        </label>
                      </div>
                    </div>
                    <p
                      class="components-base-control__help emotion-16 emotion-17"
                      id="inspector-checkbox-control-1__help"
                    >
                      <span
                        class="components-checkbox-control__help"
                      >
                        A currency switcher is also available in your widgets.
                      </span>
                    </p>
                  </div>
                </div>
              </div>
            </div>
          </div>
          <div
            aria-hidden="true"
            class="components-elevation emotion-28 emotion-1"
            data-wp-c16t="true"
            data-wp-component="Elevation"
          />
          <div
            aria-hidden="true"
            class="components-elevation emotion-28 emotion-1"
            data-wp-c16t="true"
            data-wp-component="Elevation"
          />
        </div>
        <button
          class="components-button is-next-40px-default-size is-primary"
          type="button"
        >
          Continue
        </button>
        <button
          class="components-button multi-currency-setup-preview-button is-next-40px-default-size is-tertiary"
          type="button"
        >
          Preview
        </button>
      </div>
    </div>
  </li>
</div>
`;
