// Jest Snapshot v1, https://goo.gl/fbAQLP

exports[`Tax details modal should render the VAT Form 1`] = `
.emotion-0 {
  margin-bottom: 0;
  margin-left: calc(4px * 2);
}

<div
  aria-labelledby="components-modal-header-1"
  class="components-modal__frame"
  role="dialog"
  style="--modal-frame-animation-duration: 200ms;"
  tabindex="-1"
>
  <div
    class="components-modal__content"
    role="document"
  >
    <div
      class="components-modal__header"
    >
      <div
        class="components-modal__header-heading-container"
      >
        <h1
          class="components-modal__header-heading"
          id="components-modal-header-1"
        >
          Set your tax details
        </h1>
      </div>
      <div
        class="components-spacer emotion-0 emotion-1"
        data-wp-c16t="true"
        data-wp-component="Spacer"
      />
      <button
        aria-label="Close"
        class="components-button is-compact has-icon"
        type="button"
      >
        <svg
          aria-hidden="true"
          focusable="false"
          height="24"
          viewBox="0 0 24 24"
          width="24"
          xmlns="http://www.w3.org/2000/svg"
        >
          <path
            d="m13.06 12 6.47-6.47-1.06-1.06L12 10.94 5.53 4.47 4.47 5.53 10.94 12l-6.47 6.47 1.06 1.06L12 13.06l6.47 6.47 1.06-1.06L13.06 12Z"
          />
        </svg>
      </button>
    </div>
    <div>
      <p>
        VAT Form
      </p>
    </div>
  </div>
</div>
`;
