// Jest Snapshot v1, https://goo.gl/fbAQLP

exports[`Multi-Currency store settings store settings task renders correctly: snapshot-multi-currency-store_settings 1`] = `
.emotion-0 {
  background-color: #fff;
  color: #1e1e1e;
  position: relative;
  box-shadow: 0 0 0 1px rgba(0, 0, 0, 0.1);
  outline: none;
  border-radius: calc(2px - 1px);
}

.emotion-2 {
  height: 100%;
}

.emotion-4 {
  box-sizing: border-box;
  height: auto;
  max-height: 100%;
  padding: calc(4px * 4) calc(4px * 6);
}

.emotion-4:first-of-type {
  border-top-left-radius: calc(2px - 1px);
  border-top-right-radius: calc(2px - 1px);
}

.emotion-4:last-of-type {
  border-bottom-left-radius: calc(2px - 1px);
  border-bottom-right-radius: calc(2px - 1px);
}

.emotion-6 {
  font-family: -apple-system,BlinkMacSystemFont,'Segoe UI',Roboto,Oxygen-Sans,Ubuntu,Cantarell,'Helvetica Neue',sans-serif;
  font-size: 13px;
}

.emotion-8 {
  margin-bottom: calc(4px * 2);
}

.components-panel__row .emotion-8 {
  margin-bottom: inherit;
}

.emotion-14 {
  background: transparent;
  display: block;
  margin: 0!important;
  pointer-events: none;
  position: absolute;
  will-change: box-shadow;
  border-radius: inherit;
  bottom: 0;
  box-shadow: 0 0px 0px 0 rgba(0 ,0, 0, 0);
  opacity: 1;
  left: 0;
  right: 0;
  top: 0;
  -webkit-transition: box-shadow 200ms cubic-bezier(0.08, 0.52, 0.52, 1);
  transition: box-shadow 200ms cubic-bezier(0.08, 0.52, 0.52, 1);
  border-radius: 2px;
}

@media ( prefers-reduced-motion: reduce ) {
  .emotion-14 {
    transition-duration: 0ms;
  }
}

<div>
  <div
    class="settings-section multi-currency-settings-store-settings-section"
  >
    <div
      class="settings-section__details"
    >
      <h2>
        Store settings
      </h2>
      <p>
        Store settings allow your customers to choose which currency they would like to use when shopping at your store. 
        <a
          href="https://woocommerce.com/document/woopayments/currencies/multi-currency-setup/#store-settings"
          rel="noreferrer"
          target="_blank"
        >
          Learn more
        </a>
      </p>
    </div>
    <div
      class="settings-section__controls"
    >
      <div
        class="components-surface components-card multi-currency-settings__wrapper emotion-0 emotion-1"
        data-wp-c16t="true"
        data-wp-component="Card"
      >
        <div
          class="emotion-2 emotion-1"
        >
          <div
            class="components-card__body components-card-body emotion-4 emotion-1"
            data-wp-c16t="true"
            data-wp-component="CardBody"
          >
            <div
              class="components-base-control components-checkbox-control emotion-6 emotion-7"
            >
              <div
                class="components-base-control__field emotion-8 emotion-9"
              >
                <span
                  class="components-checkbox-control__input-container"
                >
                  <input
                    class="components-checkbox-control__input"
                    data-testid="enable_auto_currency"
                    id="inspector-checkbox-control-0"
                    type="checkbox"
                    value="1"
                  />
                </span>
                <label
                  class="components-checkbox-control__label"
                  for="inspector-checkbox-control-0"
                >
                  Automatically switch customers to their local currency if it has been enabled
                </label>
              </div>
            </div>
            <div
              class="multi-currency-settings__description"
            >
              Customers will be notified via store alert banner. 
              <button
                class="components-button is-link"
                type="button"
              >
                Preview
              </button>
            </div>
            <div
              class="components-base-control components-checkbox-control emotion-6 emotion-7"
            >
              <div
                class="components-base-control__field emotion-8 emotion-9"
              >
                <span
                  class="components-checkbox-control__input-container"
                >
                  <input
                    class="components-checkbox-control__input"
                    data-testid="enable_storefront_switcher"
                    id="inspector-checkbox-control-1"
                    type="checkbox"
                    value="1"
                  />
                </span>
                <label
                  class="components-checkbox-control__label"
                  for="inspector-checkbox-control-1"
                >
                  Add a currency switcher to the Storefront theme on breadcrumb section.
                </label>
              </div>
            </div>
            <div
              class="multi-currency-settings__description"
            >
              A currency switcher is also available in your widgets. 
              <a
                href="widgets.php"
              >
                Configure now
              </a>
            </div>
          </div>
        </div>
        <div
          aria-hidden="true"
          class="components-elevation emotion-14 emotion-1"
          data-wp-c16t="true"
          data-wp-component="Elevation"
        />
        <div
          aria-hidden="true"
          class="components-elevation emotion-14 emotion-1"
          data-wp-c16t="true"
          data-wp-component="Elevation"
        />
      </div>
    </div>
  </div>
  <div
    class="settings-section multi-currency-settings-save-settings-section"
  >
    <div
      class="settings-section__details"
    />
    <div
      class="settings-section__controls"
    >
      <button
        class="components-button is-primary"
        disabled=""
        type="button"
      >
        Save changes
      </button>
    </div>
  </div>
</div>
`;
