// Jest Snapshot v1, https://goo.gl/fbAQLP

exports[`AccountBalances renders the correct tooltip text for the total balance 1`] = `
.emotion-0 {
  background-color: #fff;
  color: #1e1e1e;
  position: relative;
  box-shadow: 0 0 0 1px rgba(0, 0, 0, 0.1);
  outline: none;
  border-radius: calc(8px - 1px);
}

.emotion-2 {
  height: 100%;
}

.emotion-4 {
  display: -webkit-box;
  display: -webkit-flex;
  display: -ms-flexbox;
  display: flex;
  -webkit-align-items: center;
  -webkit-box-align: center;
  -ms-flex-align: center;
  align-items: center;
  -webkit-flex-direction: row;
  -ms-flex-direction: row;
  flex-direction: row;
  gap: calc(4px * 2);
  -webkit-box-pack: justify;
  -webkit-justify-content: space-between;
  justify-content: space-between;
  width: 100%;
  border-bottom: 1px solid;
  box-sizing: border-box;
  border-color: rgba(0, 0, 0, 0.1);
  padding: calc(4px * 4) calc(4px * 6);
}

.emotion-4>* {
  min-width: 0;
}

.emotion-4:last-child {
  border-bottom: none;
}

.emotion-4:first-of-type {
  border-top-left-radius: calc(8px - 1px);
  border-top-right-radius: calc(8px - 1px);
}

.emotion-4:last-of-type {
  border-bottom-left-radius: calc(8px - 1px);
  border-bottom-right-radius: calc(8px - 1px);
}

.emotion-6 {
  box-sizing: border-box;
  height: auto;
  max-height: 100%;
  padding: calc(4px * 4) calc(4px * 6);
}

.emotion-6:first-of-type {
  border-top-left-radius: calc(8px - 1px);
  border-top-right-radius: calc(8px - 1px);
}

.emotion-6:last-of-type {
  border-bottom-left-radius: calc(8px - 1px);
  border-bottom-right-radius: calc(8px - 1px);
}

.emotion-8 {
  background: transparent;
  display: block;
  margin: 0!important;
  pointer-events: none;
  position: absolute;
  will-change: box-shadow;
  border-radius: inherit;
  bottom: 0;
  box-shadow: 0 0px 0px 0 rgba(0, 0, 0, 0);
  opacity: 1;
  left: 0;
  right: 0;
  top: 0;
  border-radius: 8px;
}

@media not ( prefers-reduced-motion ) {
  .emotion-8 {
    -webkit-transition: box-shadow 200ms cubic-bezier(0.08, 0.52, 0.52, 1);
    transition: box-shadow 200ms cubic-bezier(0.08, 0.52, 0.52, 1);
  }
}

<div>
  <div
    class="components-surface components-card wcpay-account-balances emotion-0 emotion-1"
    data-wp-c16t="true"
    data-wp-component="Card"
  >
    <div
      class="emotion-2 emotion-1"
    >
      <div
        class="components-flex components-card__header components-card-header emotion-4 emotion-1"
        data-wp-c16t="true"
        data-wp-component="CardHeader"
      >
        Balance
      </div>
      <div
        class="components-card__body components-card-body wcpay-account-balances__balances emotion-6 emotion-1"
        data-wp-c16t="true"
        data-wp-component="CardBody"
      >
        <div
          class="wcpay-account-balances__balances__item"
        >
          <p
            class="wcpay-account-balances__balances__item__title"
            id="wcpay-account-balances-usd-total"
          >
            <span>
              Total balance
            </span>
            <button
              class="wcpay-tooltip__content-wrapper wcpay-tooltip--click__content-wrapper"
              type="button"
            >
              <div
                class="wcpay-tooltip__content-wrapper"
              >
                <div
                  aria-label="Total balance tooltip"
                  role="button"
                  tabindex="0"
                >
                  <svg
                    class="gridicon gridicons-help-outline"
                    height="16"
                    viewBox="0 0 24 24"
                    width="16"
                    xmlns="http://www.w3.org/2000/svg"
                  >
                    <g>
                      <path
                        d="M12 4c4.411 0 8 3.589 8 8s-3.589 8-8 8-8-3.589-8-8 3.589-8 8-8m0-2C6.477 2 2 6.477 2 12s4.477 10 10 10 10-4.477 10-10S17.523 2 12 2zm4 8a4 4 0 00-8 0h2c0-1.103.897-2 2-2s2 .897 2 2-.897 2-2 2a1 1 0 00-1 1v2h2v-1.141A3.991 3.991 0 0016 10zm-3 6h-2v2h2v-2z"
                      />
                    </g>
                  </svg>
                </div>
              </div>
            </button>
          </p>
          <p
            aria-labelledby="wcpay-account-balances-usd-total"
            class="wcpay-account-balances__balances__item__amount"
          >
            $300.00
          </p>
        </div>
        <div
          class="wcpay-account-balances__balances__item"
        >
          <p
            class="wcpay-account-balances__balances__item__title"
            id="wcpay-account-balances-usd-available"
          >
            <span>
              Available funds
            </span>
            <button
              class="wcpay-tooltip__content-wrapper wcpay-tooltip--click__content-wrapper"
              type="button"
            >
              <div
                class="wcpay-tooltip__content-wrapper"
              >
                <div
                  aria-label="Available funds tooltip"
                  role="button"
                  tabindex="0"
                >
                  <svg
                    class="gridicon gridicons-help-outline"
                    height="16"
                    viewBox="0 0 24 24"
                    width="16"
                    xmlns="http://www.w3.org/2000/svg"
                  >
                    <g>
                      <path
                        d="M12 4c4.411 0 8 3.589 8 8s-3.589 8-8 8-8-3.589-8-8 3.589-8 8-8m0-2C6.477 2 2 6.477 2 12s4.477 10 10 10 10-4.477 10-10S17.523 2 12 2zm4 8a4 4 0 00-8 0h2c0-1.103.897-2 2-2s2 .897 2 2-.897 2-2 2a1 1 0 00-1 1v2h2v-1.141A3.991 3.991 0 0016 10zm-3 6h-2v2h2v-2z"
                      />
                    </g>
                  </svg>
                </div>
              </div>
            </button>
          </p>
          <p
            aria-labelledby="wcpay-account-balances-usd-available"
            class="wcpay-account-balances__balances__item__amount"
          >
            $200.00
          </p>
        </div>
      </div>
    </div>
    <div
      aria-hidden="true"
      class="components-elevation emotion-8 emotion-1"
      data-wp-c16t="true"
      data-wp-component="Elevation"
    />
    <div
      aria-hidden="true"
      class="components-elevation emotion-8 emotion-1"
      data-wp-c16t="true"
      data-wp-component="Elevation"
    />
  </div>
</div>
`;
