// Jest Snapshot v1, https://goo.gl/fbAQLP

exports[`Multi-Currency store settings store settings task renders correctly: snapshot-multi-currency-store_settings 1`] = `
.emotion-2 {
  width: 1em;
  height: 1em;
  margin: 0;
  vertical-align: middle;
  fill: currentColor;
}

.emotion-4 {
  background-color: #fff;
  color: #1e1e1e;
  position: relative;
  box-shadow: 0 0 0 1px rgba(0, 0, 0, 0.1);
  outline: none;
  border-radius: calc(2px - 1px);
}

.emotion-6 {
  height: 100%;
}

.emotion-8 {
  box-sizing: border-box;
  height: auto;
  max-height: 100%;
  padding: calc(4px * 4) calc(4px * 6);
}

.emotion-8:first-of-type {
  border-top-left-radius: calc(2px - 1px);
  border-top-right-radius: calc(2px - 1px);
}

.emotion-8:last-of-type {
  border-bottom-left-radius: calc(2px - 1px);
  border-bottom-right-radius: calc(2px - 1px);
}

.emotion-10 {
  font-family: -apple-system,BlinkMacSystemFont,'Segoe UI',Roboto,Oxygen-Sans,Ubuntu,Cantarell,'Helvetica Neue',sans-serif;
  font-size: 13px;
}

.emotion-12 {
  margin-bottom: calc(4px * 2);
}

.components-panel__row .emotion-12 {
  margin-bottom: inherit;
}

.emotion-14 {
  margin-top: calc(4px * 2);
  margin-bottom: 0;
  font-size: 12px;
  font-style: normal;
  color: #757575;
  margin-bottom: revert;
}

.emotion-22 {
  background: transparent;
  display: block;
  margin: 0!important;
  pointer-events: none;
  position: absolute;
  will-change: box-shadow;
  border-radius: inherit;
  bottom: 0;
  box-shadow: 0 0px 0px 0 rgba(0 ,0, 0, 0);
  opacity: 1;
  left: 0;
  right: 0;
  top: 0;
  -webkit-transition: box-shadow 200ms cubic-bezier(0.08, 0.52, 0.52, 1);
  transition: box-shadow 200ms cubic-bezier(0.08, 0.52, 0.52, 1);
  border-radius: 2px;
}

@media ( prefers-reduced-motion: reduce ) {
  .emotion-22 {
    transition-duration: 0ms;
  }
}

<div>
  <div
    class="settings-section multi-currency-settings-store-settings-section"
  >
    <div
      class="settings-section__details"
    >
      <h2>
        Store settings
      </h2>
      <p>
        Store settings allow your customers to choose which currency they would like to use when shopping at your store. 
        <a
          class="components-external-link"
          href="https://woocommerce.com/document/woopayments/currencies/multi-currency-setup/#store-settings"
          rel="external noreferrer noopener"
          target="_blank"
        >
          Learn more
          <span
            class="components-visually-hidden emotion-0 emotion-1"
            data-wp-c16t="true"
            data-wp-component="VisuallyHidden"
            style="border: 0px; clip: rect(1px, 1px, 1px, 1px); clip-path: inset( 50% ); height: 1px; margin: -1px; overflow: hidden; padding: 0px; position: absolute; width: 1px; word-wrap: normal;"
          >
            (opens in a new tab)
          </span>
          <svg
            aria-hidden="true"
            class="components-external-link__icon emotion-2 emotion-3"
            focusable="false"
            height="24"
            viewBox="0 0 24 24"
            width="24"
            xmlns="http://www.w3.org/2000/svg"
          >
            <path
              d="M18.2 17c0 .7-.6 1.2-1.2 1.2H7c-.7 0-1.2-.6-1.2-1.2V7c0-.7.6-1.2 1.2-1.2h3.2V4.2H7C5.5 4.2 4.2 5.5 4.2 7v10c0 1.5 1.2 2.8 2.8 2.8h10c1.5 0 2.8-1.2 2.8-2.8v-3.6h-1.5V17zM14.9 3v1.5h3.7l-6.4 6.4 1.1 1.1 6.4-6.4v3.7h1.5V3h-6.3z"
            />
          </svg>
        </a>
      </p>
    </div>
    <div
      class="settings-section__controls"
    >
      <div
        class="components-surface components-card multi-currency-settings__wrapper emotion-4 emotion-1"
        data-wp-c16t="true"
        data-wp-component="Card"
      >
        <div
          class="emotion-6 emotion-1"
        >
          <div
            class="components-card__body components-card-body wcpay-card-body emotion-8 emotion-1"
            data-wp-c16t="true"
            data-wp-component="CardBody"
          >
            <div
              class="components-base-control components-checkbox-control emotion-10 emotion-11"
            >
              <div
                class="components-base-control__field emotion-12 emotion-13"
              >
                <span
                  class="components-checkbox-control__input-container"
                >
                  <input
                    aria-describedby="inspector-checkbox-control-0__help"
                    class="components-checkbox-control__input"
                    data-testid="enable_auto_currency"
                    id="inspector-checkbox-control-0"
                    type="checkbox"
                    value="1"
                  />
                </span>
                <label
                  class="components-checkbox-control__label"
                  for="inspector-checkbox-control-0"
                >
                  Automatically switch customers to their local currency if it has been enabled
                </label>
              </div>
              <p
                class="components-base-control__help emotion-14 emotion-15"
                id="inspector-checkbox-control-0__help"
              >
                Customers will be notified via store alert banner. 
                <button
                  class="components-button is-link"
                  type="button"
                >
                  Preview
                </button>
              </p>
            </div>
            <div
              class="components-base-control components-checkbox-control emotion-10 emotion-11"
            >
              <div
                class="components-base-control__field emotion-12 emotion-13"
              >
                <span
                  class="components-checkbox-control__input-container"
                >
                  <input
                    aria-describedby="inspector-checkbox-control-1__help"
                    class="components-checkbox-control__input"
                    data-testid="enable_storefront_switcher"
                    id="inspector-checkbox-control-1"
                    type="checkbox"
                    value="1"
                  />
                </span>
                <label
                  class="components-checkbox-control__label"
                  for="inspector-checkbox-control-1"
                >
                  Add a currency switcher to the Storefront theme on breadcrumb section.
                </label>
              </div>
              <p
                class="components-base-control__help emotion-14 emotion-15"
                id="inspector-checkbox-control-1__help"
              >
                A currency switcher is also available in your widgets. 
                <a
                  href="widgets.php"
                >
                  Configure now
                </a>
              </p>
            </div>
          </div>
        </div>
        <div
          aria-hidden="true"
          class="components-elevation emotion-22 emotion-1"
          data-wp-c16t="true"
          data-wp-component="Elevation"
        />
        <div
          aria-hidden="true"
          class="components-elevation emotion-22 emotion-1"
          data-wp-c16t="true"
          data-wp-component="Elevation"
        />
      </div>
    </div>
  </div>
  <div
    class="settings-section multi-currency-settings-save-settings-section"
  >
    <div
      class="settings-section__details"
    />
    <div
      class="settings-section__controls"
    >
      <button
        class="components-button is-primary"
        disabled=""
        type="button"
      >
        Save changes
      </button>
    </div>
  </div>
</div>
`;
