// Jest Snapshot v1, https://goo.gl/fbAQLP

exports[`Multi-Currency enabled currencies list Enabled currencies list renders correctly 1`] = `
.emotion-0 {
  background-color: #fff;
  color: #1e1e1e;
  position: relative;
  box-shadow: 0 0 0 1px rgba(0, 0, 0, 0.1);
  outline: none;
  border-radius: calc(8px - 1px);
}

.emotion-2 {
  height: 100%;
}

.emotion-4 {
  box-sizing: border-box;
  height: auto;
  max-height: 100%;
  padding: calc(4px * 4) calc(4px * 6);
}

.emotion-4:first-of-type {
  border-top-left-radius: calc(8px - 1px);
  border-top-right-radius: calc(8px - 1px);
}

.emotion-4:last-of-type {
  border-bottom-left-radius: calc(8px - 1px);
  border-bottom-right-radius: calc(8px - 1px);
}

.emotion-6 {
  border: 0;
  margin: 0;
  border-bottom: 1px solid currentColor;
  height: 0;
  width: auto;
  box-sizing: border-box;
  display: block;
  width: 100%;
  border-color: rgba(0, 0, 0, 0.1);
}

.emotion-8 {
  box-sizing: border-box;
  height: auto;
  max-height: 100%;
}

.emotion-8:first-of-type {
  border-top-left-radius: calc(8px - 1px);
  border-top-right-radius: calc(8px - 1px);
}

.emotion-8:last-of-type {
  border-bottom-left-radius: calc(8px - 1px);
  border-bottom-right-radius: calc(8px - 1px);
}

.emotion-14 {
  background: transparent;
  display: block;
  margin: 0!important;
  pointer-events: none;
  position: absolute;
  will-change: box-shadow;
  border-radius: inherit;
  bottom: 0;
  box-shadow: 0 0px 0px 0 rgba(0, 0, 0, 0);
  opacity: 1;
  left: 0;
  right: 0;
  top: 0;
  border-radius: 8px;
}

@media not ( prefers-reduced-motion ) {
  .emotion-14 {
    -webkit-transition: box-shadow 200ms cubic-bezier(0.08, 0.52, 0.52, 1);
    transition: box-shadow 200ms cubic-bezier(0.08, 0.52, 0.52, 1);
  }
}

<div>
  <div
    class="settings-section multi-currency-settings-enabled-currencies-section"
  >
    <div
      class="settings-section__details"
    >
      <h2>
        Enabled currencies
      </h2>
      <p>
        Accept payments in multiple currencies. Prices are converted based on exchange rates and rounding rules. 
        <a
          class="components-external-link"
          href="https://poocommerce.com/document/woopayments/currencies/multi-currency-setup/#enabled-currencies"
          rel="external noreferrer noopener"
          target="_blank"
        >
          <span
            class="components-external-link__contents"
          >
            Learn more
          </span>
          <span
            aria-label="(opens in a new tab)"
            class="components-external-link__icon"
          >
            â†—
          </span>
        </a>
      </p>
    </div>
    <div
      class="settings-section__controls"
    >
      <div
        class="components-surface components-card wcpay-multi-currency__enabled-currencies emotion-0 emotion-1"
        data-wp-c16t="true"
        data-wp-component="Card"
      >
        <div
          class="emotion-2 emotion-1"
        >
          <div
            class="components-card__body components-card-body wcpay-multi-currency__enabled-currencies-header emotion-4 emotion-1"
            data-wp-c16t="true"
            data-wp-component="CardBody"
          >
            <div>
              Name
            </div>
            <div>
              Exchange rate
            </div>
            <div />
          </div>
          <hr
            aria-orientation="horizontal"
            class="components-divider components-card__divider components-card-divider emotion-6 emotion-7"
            data-wp-c16t="true"
            data-wp-component="CardDivider"
            role="separator"
          />
          <div
            class="components-card__body components-card-body emotion-8 emotion-1"
            data-wp-c16t="true"
            data-wp-component="CardBody"
          >
            <ul
              class="enabled-currencies-list"
            >
              <li
                class="enabled-currency usd"
              >
                <div
                  class="enabled-currency__container"
                >
                  <div
                    class="enabled-currency__flag"
                  >
                    ðŸ‡ºðŸ‡¸
                  </div>
                  <div
                    class="enabled-currency__label"
                  >
                    United States (US) dollar
                  </div>
                  <div
                    class="enabled-currency__code"
                  >
                    (
                    $ USD
                    )
                  </div>
                </div>
                <div
                  class="enabled-currency__rate"
                >
                  Default currency
                </div>
                <div
                  class="enabled-currency__actions"
                />
              </li>
              <li
                class="enabled-currency cad"
              >
                <div
                  class="enabled-currency__container"
                >
                  <div
                    class="enabled-currency__flag"
                  >
                    ðŸ‡¨ðŸ‡¦
                  </div>
                  <div
                    class="enabled-currency__label"
                  >
                    Canadian dollar
                  </div>
                  <div
                    class="enabled-currency__code"
                  >
                    (
                    $ CAD
                    )
                  </div>
                </div>
                <div
                  class="enabled-currency__rate"
                >
                  1 USD â†’ 1.42 CAD
                </div>
                <div
                  class="enabled-currency__actions"
                >
                  <button
                    aria-label="Edit Canadian dollar"
                    class="components-button enabled-currency__action edit is-next-40px-default-size is-link"
                    type="button"
                  >
                    manage
                  </button>
                  <button
                    aria-label="Remove Canadian dollar as an enabled currency"
                    class="components-button enabled-currency__action delete is-next-40px-default-size is-link"
                    type="button"
                  >
                    <span
                      class="dashicon dashicons dashicons-trash"
                    />
                  </button>
                </div>
              </li>
              <li
                class="enabled-currency gbp"
              >
                <div
                  class="enabled-currency__container"
                >
                  <div
                    class="enabled-currency__flag"
                  >
                    ðŸ‡¬ðŸ‡§
                  </div>
                  <div
                    class="enabled-currency__label"
                  >
                    Pound sterling
                  </div>
                  <div
                    class="enabled-currency__code"
                  >
                    (
                    Â£ GBP
                    )
                  </div>
                </div>
                <div
                  class="enabled-currency__rate"
                >
                  1 USD â†’ 0.71 GBP
                </div>
                <div
                  class="enabled-currency__actions"
                >
                  <button
                    aria-label="Edit Pound sterling"
                    class="components-button enabled-currency__action edit is-next-40px-default-size is-link"
                    type="button"
                  >
                    manage
                  </button>
                  <button
                    aria-label="Remove Pound sterling as an enabled currency"
                    class="components-button enabled-currency__action delete is-next-40px-default-size is-link"
                    type="button"
                  >
                    <span
                      class="dashicon dashicons dashicons-trash"
                    />
                  </button>
                </div>
              </li>
              <li
                class="enabled-currency eur"
              >
                <div
                  class="enabled-currency__container"
                >
                  <div
                    class="enabled-currency__flag"
                  >
                    ðŸ‡ªðŸ‡º
                  </div>
                  <div
                    class="enabled-currency__label"
                  >
                    Euro
                  </div>
                  <div
                    class="enabled-currency__code"
                  >
                    (
                    â‚¬ EUR
                    )
                  </div>
                </div>
                <div
                  class="enabled-currency__rate"
                >
                  1 USD â†’ 0.83 EUR
                </div>
                <div
                  class="enabled-currency__actions"
                >
                  <button
                    aria-label="Edit Euro"
                    class="components-button enabled-currency__action edit is-next-40px-default-size is-link"
                    type="button"
                  >
                    manage
                  </button>
                  <button
                    aria-label="Remove Euro as an enabled currency"
                    class="components-button enabled-currency__action delete is-next-40px-default-size is-link"
                    type="button"
                  >
                    <span
                      class="dashicon dashicons dashicons-trash"
                    />
                  </button>
                </div>
              </li>
            </ul>
          </div>
          <hr
            aria-orientation="horizontal"
            class="components-divider components-card__divider components-card-divider emotion-6 emotion-7"
            data-wp-c16t="true"
            data-wp-component="CardDivider"
            role="separator"
          />
          <div
            class="components-card__body components-card-body wcpay-multi-currency__available-currencies-container emotion-4 emotion-1"
            data-wp-c16t="true"
            data-wp-component="CardBody"
          >
            <button
              class="components-button wcpay-multi-currency__available-currencies-modal is-next-40px-default-size is-secondary"
              data-testid="enabled-currencies-add-button"
              type="button"
            >
              Add/remove currencies
            </button>
          </div>
        </div>
        <div
          aria-hidden="true"
          class="components-elevation emotion-14 emotion-1"
          data-wp-c16t="true"
          data-wp-component="Elevation"
        />
        <div
          aria-hidden="true"
          class="components-elevation emotion-14 emotion-1"
          data-wp-c16t="true"
          data-wp-component="Elevation"
        />
      </div>
    </div>
  </div>
</div>
`;

exports[`Multi-Currency enabled currencies list Remove currency modal renders correctly 1`] = `
.emotion-0 {
  margin-bottom: 0;
  margin-left: calc(4px * 2);
}

<div
  aria-labelledby="components-modal-header-1"
  class="components-modal__frame wcpay-confirmation-modal enabled-currency-delete-modal"
  role="dialog"
  style="--modal-frame-animation-duration: 200ms;"
  tabindex="-1"
>
  <div
    class="components-modal__content"
    role="document"
  >
    <div
      class="components-modal__header"
    >
      <div
        class="components-modal__header-heading-container"
      >
        <h1
          class="components-modal__header-heading"
          id="components-modal-header-1"
        >
          Remove Euro
        </h1>
      </div>
      <div
        class="components-spacer emotion-0 emotion-1"
        data-wp-c16t="true"
        data-wp-component="Spacer"
      />
      <button
        aria-label="Close"
        class="components-button is-compact has-icon"
        type="button"
      >
        <svg
          aria-hidden="true"
          focusable="false"
          height="24"
          viewBox="0 0 24 24"
          width="24"
          xmlns="http://www.w3.org/2000/svg"
        >
          <path
            d="m13.06 12 6.47-6.47-1.06-1.06L12 10.94 5.53 4.47 4.47 5.53 10.94 12l-6.47 6.47 1.06 1.06L12 13.06l6.47 6.47 1.06-1.06L13.06 12Z"
          />
        </svg>
      </button>
    </div>
    <div>
      <div
        class="currency-delete-illustration__wrapper"
      >
        <div
          class="currency-delete-illustration__illustrations"
        >
          â‚¬
          <svg
            class="gridicon gridicons-cross-circle currency-delete-illustration__currency-cross-icon"
            height="24"
            viewBox="0 0 24 24"
            width="24"
            xmlns="http://www.w3.org/2000/svg"
          >
            <g>
              <path
                d="M19.1 4.9C15.2 1 8.8 1 4.9 4.9S1 15.2 4.9 19.1s10.2 3.9 14.1 0 4-10.3.1-14.2zm-4.3 11.3L12 13.4l-2.8 2.8-1.4-1.4 2.8-2.8-2.8-2.8 1.4-1.4 2.8 2.8 2.8-2.8 1.4 1.4-2.8 2.8 2.8 2.8-1.4 1.4z"
              />
            </g>
          </svg>
        </div>
      </div>
      <p>
        Are you sure you want to remove 
        <strong>
          Euro (EUR â‚¬)
        </strong>
        ? Your customers will no longer be able to pay in this currency and use payment methods listed below.
      </p>
      <ul>
        <li>
          <span
            class="poocommerce-payments__payment-method-icon"
          >
            <img
              alt="Giropay"
              class="payment-method__icon"
              src="assets/images/icon-giropay.svg"
            />
            <span
              class="poocommerce-payments__payment-method-icon__label"
            >
              Giropay
            </span>
          </span>
        </li>
        <li>
          <span
            class="poocommerce-payments__payment-method-icon"
          >
            <img
              alt="Sofort"
              class="payment-method__icon"
              src="assets/images/icon-sofort.svg"
            />
            <span
              class="poocommerce-payments__payment-method-icon__label"
            >
              Sofort
            </span>
          </span>
        </li>
        <li>
          <span
            class="poocommerce-payments__payment-method-icon"
          >
            <img
              alt="SEPA Direct Debit"
              class="payment-method__icon"
              src="assets/images/icon-sepa_debit.svg"
            />
            <span
              class="poocommerce-payments__payment-method-icon__label"
            >
              SEPA Direct Debit
            </span>
          </span>
        </li>
      </ul>
      <p>
        You can add Euro (EUR â‚¬) again at any time in Multi-Currency settings.
      </p>
      <hr
        class="wcpay-confirmation-modal__separator"
      />
      <div
        class="wcpay-confirmation-modal__footer"
      >
        <button
          class="components-button is-primary is-destructive"
          type="button"
        >
          Remove
        </button>
        <button
          class="components-button is-secondary"
          type="button"
        >
          Cancel
        </button>
      </div>
    </div>
  </div>
</div>
`;
