// Jest Snapshot v1, https://goo.gl/fbAQLP

exports[`Order details page should match the snapshot - Charge without payment intent 1`] = `
.emotion-0 {
  background-color: #fff;
  color: #1e1e1e;
  position: relative;
  box-shadow: 0 0 0 1px rgba(0, 0, 0, 0.1);
  outline: none;
  border-radius: calc(8px - 1px);
}

.emotion-2 {
  height: 100%;
}

.emotion-4 {
  box-sizing: border-box;
  height: auto;
  max-height: 100%;
  padding: calc(4px * 4) calc(4px * 6);
}

.emotion-4:first-of-type {
  border-top-left-radius: calc(8px - 1px);
  border-top-right-radius: calc(8px - 1px);
}

.emotion-4:last-of-type {
  border-bottom-left-radius: calc(8px - 1px);
  border-bottom-right-radius: calc(8px - 1px);
}

.emotion-6 {
  display: -webkit-box;
  display: -webkit-flex;
  display: -ms-flexbox;
  display: flex;
  -webkit-align-items: start;
  -webkit-box-align: start;
  -ms-flex-align: start;
  align-items: start;
  -webkit-flex-direction: row;
  -ms-flex-direction: row;
  flex-direction: row;
  gap: calc(4px * 2);
  -webkit-box-pack: justify;
  -webkit-justify-content: space-between;
  justify-content: space-between;
  width: 100%;
}

.emotion-6>* {
  min-width: 0;
}

.emotion-8 {
  border: 0;
  margin: 0;
  border-bottom: 1px solid currentColor;
  height: 0;
  width: auto;
  box-sizing: border-box;
  display: block;
  width: 100%;
  border-color: rgba(0, 0, 0, 0.1);
}

.emotion-12 {
  display: -webkit-box;
  display: -webkit-flex;
  display: -ms-flexbox;
  display: flex;
  -webkit-align-items: center;
  -webkit-box-align: center;
  -ms-flex-align: center;
  align-items: center;
  -webkit-flex-direction: row;
  -ms-flex-direction: row;
  flex-direction: row;
  gap: calc(4px * 2);
  -webkit-box-pack: justify;
  -webkit-justify-content: space-between;
  justify-content: space-between;
  width: 100%;
  border-top: 1px solid;
  box-sizing: border-box;
  border-color: rgba(0, 0, 0, 0.1);
  padding: calc(4px * 4) calc(4px * 6);
}

.emotion-12>* {
  min-width: 0;
}

.emotion-12:first-of-type {
  border-top: none;
}

.emotion-12:first-of-type {
  border-top-left-radius: calc(8px - 1px);
  border-top-right-radius: calc(8px - 1px);
}

.emotion-12:last-of-type {
  border-bottom-left-radius: calc(8px - 1px);
  border-bottom-right-radius: calc(8px - 1px);
}

.emotion-14 {
  background: transparent;
  display: block;
  margin: 0!important;
  pointer-events: none;
  position: absolute;
  will-change: box-shadow;
  border-radius: inherit;
  bottom: 0;
  box-shadow: 0 0px 0px 0 rgba(0, 0, 0, 0);
  opacity: 1;
  left: 0;
  right: 0;
  top: 0;
  border-radius: 8px;
}

@media not ( prefers-reduced-motion ) {
  .emotion-14 {
    -webkit-transition: box-shadow 200ms cubic-bezier(0.08, 0.52, 0.52, 1);
    transition: box-shadow 200ms cubic-bezier(0.08, 0.52, 0.52, 1);
  }
}

.emotion-22 {
  display: -webkit-box;
  display: -webkit-flex;
  display: -ms-flexbox;
  display: flex;
  -webkit-align-items: center;
  -webkit-box-align: center;
  -ms-flex-align: center;
  align-items: center;
  -webkit-flex-direction: row;
  -ms-flex-direction: row;
  flex-direction: row;
  gap: calc(4px * 2);
  -webkit-box-pack: justify;
  -webkit-justify-content: space-between;
  justify-content: space-between;
  width: 100%;
  border-bottom: 1px solid;
  box-sizing: border-box;
  border-color: rgba(0, 0, 0, 0.1);
  padding: calc(4px * 6) calc(4px * 8);
}

.emotion-22>* {
  min-width: 0;
}

.emotion-22:last-child {
  border-bottom: none;
}

.emotion-22:first-of-type {
  border-top-left-radius: calc(8px - 1px);
  border-top-right-radius: calc(8px - 1px);
}

.emotion-22:last-of-type {
  border-bottom-left-radius: calc(8px - 1px);
  border-bottom-right-radius: calc(8px - 1px);
}

.emotion-24 {
  box-sizing: border-box;
  height: auto;
  max-height: 100%;
  padding: calc(4px * 6) calc(4px * 8);
}

.emotion-24:first-of-type {
  border-top-left-radius: calc(8px - 1px);
  border-top-right-radius: calc(8px - 1px);
}

.emotion-24:last-of-type {
  border-bottom-left-radius: calc(8px - 1px);
  border-bottom-right-radius: calc(8px - 1px);
}

<div>
  <div
    class="wcpay-payment-details woocommerce-payments-page"
    id=""
    style="max-width: 1032px;"
  >
    <div
      class="components-surface components-card emotion-0 emotion-1"
      data-wp-c16t="true"
      data-wp-component="Card"
    >
      <div
        class="emotion-2 emotion-1"
      >
        <div
          class="components-card__body components-card-body emotion-4 emotion-1"
          data-wp-c16t="true"
          data-wp-component="CardBody"
        >
          <div
            class="components-flex emotion-6 emotion-1"
            data-wp-c16t="true"
            data-wp-component="Flex"
          >
            <div
              class="payment-details-summary"
            >
              <div
                class="payment-details-summary__section"
              >
                <div
                  class="payment-details-summary__amount-wrapper"
                >
                  <p
                    class="payment-details-summary__amount"
                  >
                    $15.00
                    <span
                      class="payment-details-summary__amount-currency"
                    >
                      USD
                    </span>
                  </p>
                  <span
                    class="chip chip-light payment-details-summary__status"
                  >
                    Pending
                  </span>
                </div>
                <div
                  class="payment-details-summary__breakdown"
                >
                  <p>
                    Fees: 
                    -$0.00
                  </p>
                  <p>
                    Net: 
                    $15.00
                  </p>
                </div>
              </div>
              <div
                class="payment-details-summary__section"
              >
                <div
                  class="payment-details-summary__id"
                >
                  <div
                    class="payment-details-summary__id_wrapper"
                  >
                    <span
                      class="payment-details-summary__id_label"
                    >
                      Charge ID: 
                    </span>
                    <span
                      class="payment-details-summary__id_value"
                    >
                      776
                    </span>
                  </div>
                </div>
              </div>
            </div>
            <div
              class="payment-details__refund-controls"
            />
          </div>
        </div>
        <hr
          aria-orientation="horizontal"
          class="components-divider components-card__divider components-card-divider emotion-8 emotion-9"
          data-wp-c16t="true"
          data-wp-component="CardDivider"
          role="separator"
        />
        <div
          class="components-card__body components-card-body emotion-4 emotion-1"
          data-wp-c16t="true"
          data-wp-component="CardBody"
        >
          <ul
            class="woocommerce-list woocommerce-list--horizontal"
            role="menu"
          >
            <li
              class="woocommerce-list__item"
            >
              <div
                class="woocommerce-list__item-inner"
              >
                <div
                  class="woocommerce-list__item-text"
                >
                  <span
                    class="woocommerce-list__item-title"
                  >
                    Date
                  </span>
                  <span
                    class="woocommerce-list__item-content"
                  >
                    Mar 27, 2023, 9:09am
                  </span>
                </div>
              </div>
            </li>
            <li
              class="woocommerce-list__item"
            >
              <div
                class="woocommerce-list__item-inner"
              >
                <div
                  class="woocommerce-list__item-text"
                >
                  <span
                    class="woocommerce-list__item-title"
                  >
                    Sales channel
                  </span>
                  <span
                    class="woocommerce-list__item-content"
                  >
                    <span>
                      Online store
                    </span>
                  </span>
                </div>
              </div>
            </li>
            <li
              class="woocommerce-list__item"
            >
              <div
                class="woocommerce-list__item-inner"
              >
                <div
                  class="woocommerce-list__item-text"
                >
                  <span
                    class="woocommerce-list__item-title"
                  >
                    Customer
                  </span>
                  <span
                    class="woocommerce-list__item-content"
                  >
                    <a
                      data-link-type="wc-admin"
                      href="admin.php?page=wc-admin&path=%2Fpayments%2Ftransactions&search%5B0%5D=First%20Last%20(admin_test_example%40email.com)"
                    >
                      First Last
                    </a>
                  </span>
                </div>
              </div>
            </li>
            <li
              class="woocommerce-list__item"
            >
              <div
                class="woocommerce-list__item-inner"
              >
                <div
                  class="woocommerce-list__item-text"
                >
                  <span
                    class="woocommerce-list__item-title"
                  >
                    Order
                  </span>
                  <span
                    class="woocommerce-list__item-content"
                  >
                    <a
                      data-link-type="external"
                      href="http://wcpay.test/wp-admin/post.php?post=776&action=edit"
                    >
                      custom-776
                    </a>
                  </span>
                </div>
              </div>
            </li>
            <li
              class="woocommerce-list__item"
            >
              <div
                class="woocommerce-list__item-inner"
              >
                <div
                  class="woocommerce-list__item-text"
                >
                  <span
                    class="woocommerce-list__item-title"
                  >
                    Payment method
                  </span>
                  <span
                    class="woocommerce-list__item-content"
                  >
                    <span
                      class="payment-method-details"
                    >
                      <button
                        class="wcpay-tooltip__content-wrapper"
                        type="button"
                      >
                        <div
                          class="wcpay-tooltip__content-wrapper"
                        >
                          <span
                            aria-label="Card Payment"
                            class="payment-method__brand payment-method__brand--card account-country--us"
                          />
                        </div>
                      </button>
                       •••• 
                    </span>
                  </span>
                </div>
              </div>
            </li>
            <li
              class="woocommerce-list__item"
            >
              <div
                class="woocommerce-list__item-inner"
              >
                <div
                  class="woocommerce-list__item-text"
                >
                  <span
                    class="woocommerce-list__item-title"
                  >
                    Risk evaluation
                  </span>
                  <span
                    class="woocommerce-list__item-content"
                  >
                    –
                  </span>
                </div>
              </div>
            </li>
          </ul>
        </div>
        <div
          class="components-flex components-card__footer components-card-footer card-notice emotion-12 emotion-1"
          data-wp-c16t="true"
          data-wp-component="CardFooter"
        >
          <div
            class="card-notice__section"
          >
            <div
              class="card-notice__text"
            >
              You must 
              <a
                class="components-external-link"
                href="https://woocommerce.com/document/woopayments/settings-guide/authorize-and-capture/#capturing-authorized-orders"
                rel="external noreferrer noopener"
                target="_blank"
              >
                <span
                  class="components-external-link__contents"
                >
                  capture
                </span>
                <span
                  aria-label="(opens in a new tab)"
                  class="components-external-link__icon"
                >
                  ↗
                </span>
              </a>
               this charge within the next
               
              <abbr
                title="Oct 4, 2022 / 1:07pm"
              >
                <b>
                  3 years
                </b>
              </abbr>
            </div>
            <div
              class="card-notice__button"
            >
              <button
                class="components-button is-next-40px-default-size is-primary"
                type="button"
              >
                Capture
              </button>
            </div>
          </div>
        </div>
      </div>
      <div
        aria-hidden="true"
        class="components-elevation emotion-14 emotion-1"
        data-wp-c16t="true"
        data-wp-component="Elevation"
      />
      <div
        aria-hidden="true"
        class="components-elevation emotion-14 emotion-1"
        data-wp-c16t="true"
        data-wp-component="Elevation"
      />
    </div>
    <div
      class="components-surface components-card emotion-0 emotion-1"
      data-wp-c16t="true"
      data-wp-component="Card"
    >
      <div
        class="emotion-2 emotion-1"
      >
        <div
          class="components-flex components-card__header components-card-header emotion-22 emotion-1"
          data-wp-c16t="true"
          data-wp-component="CardHeader"
        >
          Timeline
        </div>
        <div
          class="components-card__body components-card-body emotion-24 emotion-1"
          data-wp-c16t="true"
          data-wp-component="CardBody"
        >
          <div
            class="woocommerce-timeline"
          >
            <ul>
              <li
                class="woocommerce-timeline-group"
              >
                <p
                  class="woocommerce-timeline-group__title"
                >
                  March 27, 2023
                </p>
                <ul>
                  <li
                    class="woocommerce-timeline-item"
                  >
                    <div
                      class="woocommerce-timeline-item__top-border"
                    />
                    <div
                      class="woocommerce-timeline-item__title"
                    >
                      <div
                        class="woocommerce-timeline-item__headline"
                      >
                        <svg
                          class="gridicon gridicons-cross is-error"
                          height="24"
                          viewBox="0 0 24 24"
                          width="24"
                          xmlns="http://www.w3.org/2000/svg"
                        >
                          <g>
                            <path
                              d="M18.36 19.78L12 13.41l-6.36 6.37-1.42-1.42L10.59 12 4.22 5.64l1.42-1.42L12 10.59l6.36-6.36 1.41 1.41L13.41 12l6.36 6.36z"
                            />
                          </g>
                        </svg>
                        <span>
                          Payment was screened by your fraud filters and blocked.
                        </span>
                      </div>
                      <span
                        class="woocommerce-timeline-item__timestamp"
                      >
                        6:09am
                      </span>
                    </div>
                    <div
                      class="woocommerce-timeline-item__body"
                    >
                      <span>
                        <p
                          class="fraud-outcome-ruleset-item"
                        >
                          Block if the purchase price is not in your defined range
                        </p>
                      </span>
                    </div>
                  </li>
                </ul>
                <hr />
              </li>
            </ul>
          </div>
        </div>
      </div>
      <div
        aria-hidden="true"
        class="components-elevation emotion-14 emotion-1"
        data-wp-c16t="true"
        data-wp-component="Elevation"
      />
      <div
        aria-hidden="true"
        class="components-elevation emotion-14 emotion-1"
        data-wp-c16t="true"
        data-wp-component="Elevation"
      />
    </div>
    <div
      class="components-surface components-card emotion-0 emotion-1"
      data-wp-c16t="true"
      data-wp-component="Card"
    >
      <div
        class="emotion-2 emotion-1"
      >
        <div
          class="components-flex components-card__header components-card-header emotion-22 emotion-1"
          data-wp-c16t="true"
          data-wp-component="CardHeader"
        >
          Payment method
        </div>
        <div
          class="components-card__body components-card-body emotion-24 emotion-1"
          data-wp-c16t="true"
          data-wp-component="CardBody"
        >
          <div
            class="payment-method-details"
          >
            <div
              class="payment-method-details__column"
            >
              <div
                class="payment-method-detail"
              >
                <h4
                  class="payment-method-detail__label"
                >
                  Number
                </h4>
                <p
                  class="payment-method-detail__value"
                >
                  –
                </p>
              </div>
              <div
                class="payment-method-detail"
              >
                <h4
                  class="payment-method-detail__label"
                >
                  Expires
                </h4>
                <p
                  class="payment-method-detail__value"
                >
                  –
                </p>
              </div>
              <div
                class="payment-method-detail"
              >
                <h4
                  class="payment-method-detail__label"
                >
                  Type
                </h4>
                <p
                  class="payment-method-detail__value"
                >
                  –
                </p>
              </div>
              <div
                class="payment-method-detail"
              >
                <h4
                  class="payment-method-detail__label"
                >
                  ID
                </h4>
                <p
                  class="payment-method-detail__value"
                >
                  –
                </p>
              </div>
            </div>
            <div
              class="payment-method-details__column"
            >
              <div
                class="payment-method-detail"
              >
                <h4
                  class="payment-method-detail__label"
                >
                  Owner
                </h4>
                <p
                  class="payment-method-detail__value"
                >
                  First Last
                </p>
              </div>
              <div
                class="payment-method-detail"
              >
                <h4
                  class="payment-method-detail__label"
                >
                  Owner email
                </h4>
                <p
                  class="payment-method-detail__value"
                >
                  admin_test_example@email.com
                </p>
              </div>
              <div
                class="payment-method-detail"
              >
                <h4
                  class="payment-method-detail__label"
                >
                  Address
                </h4>
                <p
                  class="payment-method-detail__value"
                >
                  <span>
                    60 29th street
                    <br />
                    San Francisco, CA 91140
                  </span>
                </p>
              </div>
              <div
                class="payment-method-detail"
              >
                <h4
                  class="payment-method-detail__label"
                >
                  Origin
                </h4>
                <p
                  class="payment-method-detail__value"
                >
                  United States of America
                </p>
              </div>
              <div
                class="payment-method-detail"
              >
                <h4
                  class="payment-method-detail__label"
                >
                  CVC check
                </h4>
                <p
                  class="payment-method-detail__value"
                >
                  Not checked
                </p>
              </div>
              <div
                class="payment-method-detail"
              >
                <h4
                  class="payment-method-detail__label"
                >
                  Street check
                </h4>
                <p
                  class="payment-method-detail__value"
                >
                  Not checked
                </p>
              </div>
              <div
                class="payment-method-detail"
              >
                <h4
                  class="payment-method-detail__label"
                >
                  Postal code check
                </h4>
                <p
                  class="payment-method-detail__value"
                >
                  Not checked
                </p>
              </div>
            </div>
          </div>
        </div>
      </div>
      <div
        aria-hidden="true"
        class="components-elevation emotion-14 emotion-1"
        data-wp-c16t="true"
        data-wp-component="Elevation"
      />
      <div
        aria-hidden="true"
        class="components-elevation emotion-14 emotion-1"
        data-wp-c16t="true"
        data-wp-component="Elevation"
      />
    </div>
  </div>
</div>
`;
