// Jest Snapshot v1, https://goo.gl/fbAQLP

exports[`Single currency settings screen Page renders correctly 1`] = `
.emotion-0 {
  background-color: #fff;
  color: #1e1e1e;
  position: relative;
  box-shadow: 0 0 0 1px rgba(0, 0, 0, 0.1);
  outline: none;
  border-radius: calc(8px - 1px);
}

.emotion-2 {
  height: 100%;
}

.emotion-4 {
  box-sizing: border-box;
  height: auto;
  max-height: 100%;
  padding: calc(4px * 4) calc(4px * 6);
}

.emotion-4:first-of-type {
  border-top-left-radius: calc(8px - 1px);
  border-top-right-radius: calc(8px - 1px);
}

.emotion-4:last-of-type {
  border-bottom-left-radius: calc(8px - 1px);
  border-bottom-right-radius: calc(8px - 1px);
}

.emotion-6 {
  font-size: 11px;
  font-weight: 500;
  line-height: 1.4;
  text-transform: uppercase;
  display: block;
  margin-bottom: calc(4px * 2);
  padding: 0;
}

.emotion-8 {
  display: -webkit-box;
  display: -webkit-flex;
  display: -ms-flexbox;
  display: flex;
  -webkit-align-items: stretch;
  -webkit-box-align: stretch;
  -ms-flex-align: stretch;
  align-items: stretch;
  -webkit-flex-direction: column;
  -ms-flex-direction: column;
  flex-direction: column;
  gap: calc(4px * 3);
  -webkit-box-pack: center;
  -ms-flex-pack: center;
  -webkit-justify-content: center;
  justify-content: center;
}

.emotion-8>* {
  min-height: 0;
}

.emotion-10 {
  margin-top: calc(4px * 2);
  margin-bottom: 0;
  font-size: 12px;
  font-style: normal;
  color: #757575;
}

.emotion-14 {
  font-family: -apple-system,BlinkMacSystemFont,'Segoe UI',Roboto,Oxygen-Sans,Ubuntu,Cantarell,'Helvetica Neue',sans-serif;
  font-size: 13px;
  box-sizing: border-box;
}

.emotion-14 *,
.emotion-14 *::before,
.emotion-14 *::after {
  box-sizing: inherit;
}

.components-panel__row .emotion-16 {
  margin-bottom: inherit;
}

.emotion-20 {
  display: -webkit-box;
  display: -webkit-flex;
  display: -ms-flexbox;
  display: flex;
  -webkit-align-items: normal;
  -webkit-box-align: normal;
  -ms-flex-align: normal;
  align-items: normal;
  -webkit-flex-direction: column;
  -ms-flex-direction: column;
  flex-direction: column;
  gap: calc(4px * 2);
  -webkit-box-pack: justify;
  -webkit-justify-content: space-between;
  justify-content: space-between;
  box-sizing: border-box;
  position: relative;
  border-radius: 2px;
  padding-top: 0;
  color: var(--wp-components-color-foreground, #1e1e1e);
  cursor: pointer;
}

.emotion-20>* {
  min-height: 0;
}

.emotion-20:focus-within:not( :has( :is( .em5sgkm8, .emotion-33 ):focus-within ) ) .emotion-40 {
  border-color: var(--wp-components-color-accent, var(--wp-admin-theme-color, #3858e9));
  box-shadow: 0 0 0 0.5px var(--wp-components-color-accent, var(--wp-admin-theme-color, #3858e9));
  outline: 2px solid transparent;
  outline-offset: -2px;
}

.emotion-23 {
  display: block;
  max-height: 100%;
  max-width: 100%;
  min-height: 0;
  min-width: 0;
  display: block;
  max-width: calc( 100% - 10px );
}

.emotion-26 {
  color: var(--wp-components-color-foreground, #1e1e1e);
  line-height: 1.4;
  margin: 0;
  text-wrap: balance;
  text-wrap: pretty;
  font-size: calc((13 / 13) * 13px);
  font-weight: normal;
}

.emotion-26.emotion-26.emotion-26 {
  font-size: 11px;
  font-weight: 500;
  line-height: 1.4;
  text-transform: uppercase;
  box-sizing: border-box;
  display: block;
  padding-top: 0;
  padding-bottom: 0;
  max-width: 100%;
  z-index: 1;
  overflow: hidden;
  text-overflow: ellipsis;
  white-space: nowrap;
}

.emotion-28 {
  -webkit-align-items: center;
  -webkit-box-align: center;
  -ms-flex-align: center;
  align-items: center;
  box-sizing: border-box;
  border-radius: inherit;
  display: -webkit-box;
  display: -webkit-flex;
  display: -ms-flexbox;
  display: flex;
  -webkit-flex: 1;
  -ms-flex: 1;
  flex: 1;
  position: relative;
  background-color: var(--wp-components-color-background, #fff);
  width: 100%;
}

.emotion-30.emotion-30.emotion-30 {
  -webkit-appearance: none;
  -moz-appearance: none;
  -ms-appearance: none;
  appearance: none;
  background: transparent;
  box-sizing: border-box;
  border: none;
  box-shadow: none!important;
  color: currentColor;
  cursor: inherit;
  display: block;
  font-family: inherit;
  margin: 0;
  width: 100%;
  max-width: none;
  white-space: nowrap;
  text-overflow: ellipsis;
  font-size: 16px;
  height: 40px;
  min-height: 40px;
  padding-top: 0;
  padding-bottom: 0;
  padding-left: 12px;
  padding-right: 30px;
  overflow: hidden;
}

@media ( min-width: 600px ) {
  .emotion-30.emotion-30.emotion-30 {
    font-size: 13px;
  }
}

.emotion-32 {
  -webkit-align-items: center;
  -webkit-box-align: center;
  -ms-flex-align: center;
  align-items: center;
  -webkit-align-self: stretch;
  -ms-flex-item-align: stretch;
  align-self: stretch;
  box-sizing: border-box;
  display: -webkit-box;
  display: -webkit-flex;
  display: -ms-flexbox;
  display: flex;
}

.emotion-35 {
  -webkit-padding-end: 12px;
  padding-inline-end: 12px;
  position: absolute;
  pointer-events: none;
  right: 0;
}

.emotion-37 {
  -webkit-margin-end: calc(4px * -1);
  margin-inline-end: calc(4px * -1);
  line-height: 0;
}

.emotion-37 path {
  fill: currentColor;
}

.emotion-39.emotion-39.emotion-39 {
  box-sizing: border-box;
  border-color: var(--wp-components-color-gray-600, #949494);
  border-radius: inherit;
  border-style: solid;
  border-width: 1px;
  bottom: 0;
  left: 0;
  margin: 0;
  padding: 0;
  pointer-events: none;
  position: absolute;
  right: 0;
  top: 0;
  padding-left: 2px;
}

.emotion-72 {
  background: transparent;
  display: block;
  margin: 0!important;
  pointer-events: none;
  position: absolute;
  will-change: box-shadow;
  border-radius: inherit;
  bottom: 0;
  box-shadow: 0 0px 0px 0 rgba(0, 0, 0, 0);
  opacity: 1;
  left: 0;
  right: 0;
  top: 0;
  border-radius: 8px;
}

@media not ( prefers-reduced-motion ) {
  .emotion-72 {
    -webkit-transition: box-shadow 200ms cubic-bezier(0.08, 0.52, 0.52, 1);
    transition: box-shadow 200ms cubic-bezier(0.08, 0.52, 0.52, 1);
  }
}

.emotion-84 {
  margin-bottom: calc(4px * 2);
}

.components-panel__row .emotion-84 {
  margin-bottom: inherit;
}

.emotion-86 {
  font-size: 11px;
  font-weight: 500;
  line-height: 1.4;
  text-transform: uppercase;
  display: inline-block;
  margin-bottom: calc(4px * 2);
  padding: 0;
}

<div>
  <div
    class="single-currency-settings"
  >
    <div
      class="wcpay-settings-layout"
    >
      <h2
        class="single-currency-settings-breadcrumb"
      >
        <button
          class="components-button is-next-40px-default-size is-link"
          type="button"
        >
          Enabled currencies
        </button>
         
        &gt; 
        Euro
         (
        EUR
        )
         
        ðŸ‡ªðŸ‡º
      </h2>
      <div
        class="settings-section"
      >
        <div
          class="settings-section__details"
        >
          <h2>
            Currency settings
          </h2>
          <p>
            Choose between automatic or manual exchange rates and modify formatting rules to refine the display of your prices.
          </p>
        </div>
        <div
          class="settings-section__controls"
        >
          <div
            class="components-surface components-card single-currency-settings-currency-settings emotion-0 emotion-1"
            data-wp-c16t="true"
            data-wp-component="Card"
          >
            <div
              class="emotion-2 emotion-1"
            >
              <div
                class="components-card__body components-card-body wcpay-card-body emotion-4 emotion-1"
                data-wp-c16t="true"
                data-wp-component="CardBody"
              >
                <h4>
                  Exchange rate
                </h4>
                <fieldset>
                  <ul>
                    <li>
                      <fieldset
                        class="components-radio-control"
                        id="inspector-radio-control-0"
                      >
                        <legend
                          class="components-base-control__label emotion-6 emotion-7"
                        />
                        <div
                          class="components-flex components-h-stack components-v-stack components-radio-control__group-wrapper emotion-8 emotion-1"
                          data-wp-c16t="true"
                          data-wp-component="VStack"
                        >
                          <div
                            class="components-radio-control__option"
                          >
                            <input
                              aria-describedby="inspector-radio-control-0-0-option-description"
                              checked=""
                              class="components-radio-control__input"
                              id="inspector-radio-control-0-0"
                              name="inspector-radio-control-0"
                              type="radio"
                              value="automatic"
                            />
                            <label
                              class="components-radio-control__label"
                              for="inspector-radio-control-0-0"
                            >
                              Fetch rates automatically
                            </label>
                            <p
                              class="components-radio-control__option-description emotion-10 emotion-11"
                              id="inspector-radio-control-0-0-option-description"
                            >
                              Current rate: 1 USD = 0.826381 EUR (Last updated: Sep 24, 2021 1:14AM)
                            </p>
                          </div>
                          <div
                            class="components-radio-control__option"
                          >
                            <input
                              aria-describedby="inspector-radio-control-0-1-option-description"
                              class="components-radio-control__input"
                              id="inspector-radio-control-0-1"
                              name="inspector-radio-control-0"
                              type="radio"
                              value="manual"
                            />
                            <label
                              class="components-radio-control__label"
                              for="inspector-radio-control-0-1"
                            >
                              Manual
                            </label>
                            <p
                              class="components-radio-control__option-description emotion-10 emotion-11"
                              id="inspector-radio-control-0-1-option-description"
                            >
                              Enter your fixed rate of exchange
                            </p>
                          </div>
                        </div>
                      </fieldset>
                    </li>
                  </ul>
                </fieldset>
                <h4>
                  Formatting rules
                </h4>
                <fieldset>
                  <ul>
                    <li>
                      <div
                        class="components-base-control emotion-14 emotion-15"
                      >
                        <div
                          class="components-base-control__field emotion-16 emotion-17"
                        >
                          <div
                            class="components-flex components-input-base components-select-control emotion-18 emotion-19 emotion-20 emotion-1"
                            data-wp-c16t="true"
                            data-wp-component="InputBase"
                          >
                            <div
                              class="components-flex-item emotion-22 emotion-23 emotion-1"
                              data-wp-c16t="true"
                              data-wp-component="FlexItem"
                            >
                              <label
                                class="components-truncate components-text components-input-control__label emotion-25 emotion-26 emotion-1"
                                data-wp-c16t="true"
                                data-wp-component="Text"
                                for="inspector-select-control-0"
                              >
                                Price rounding
                              </label>
                            </div>
                            <div
                              class="components-input-control__container emotion-28 emotion-29"
                            >
                              <select
                                aria-describedby="inspector-select-control-0__help"
                                class="components-select-control__input emotion-30 emotion-31"
                                data-testid="price_rounding"
                                id="inspector-select-control-0"
                              >
                                <option
                                  value="0"
                                >
                                  None
                                </option>
                                <option
                                  value="0.25"
                                >
                                  0.25
                                </option>
                                <option
                                  value="0.5"
                                >
                                  0.50
                                </option>
                                <option
                                  value="1"
                                >
                                  1.00 (recommended)
                                </option>
                                <option
                                  value="5"
                                >
                                  5.00
                                </option>
                                <option
                                  value="10"
                                >
                                  10.00
                                </option>
                              </select>
                              <span
                                class="components-input-control__suffix emotion-32 emotion-33"
                              >
                                <div
                                  class="components-input-control-suffix-wrapper emotion-34 emotion-35 emotion-36"
                                  data-wp-c16t="true"
                                  data-wp-component="InputControlSuffixWrapper"
                                >
                                  <div
                                    class="emotion-37 emotion-38"
                                  >
                                    <svg
                                      aria-hidden="true"
                                      focusable="false"
                                      height="18"
                                      viewBox="0 0 24 24"
                                      width="18"
                                      xmlns="http://www.w3.org/2000/svg"
                                    >
                                      <path
                                        d="M17.5 11.6L12 16l-5.5-4.4.9-1.2L12 14l4.5-3.6 1 1.2z"
                                      />
                                    </svg>
                                  </div>
                                </div>
                              </span>
                              <div
                                aria-hidden="true"
                                class="components-input-control__backdrop emotion-39 emotion-40"
                              />
                            </div>
                          </div>
                        </div>
                        <p
                          class="components-base-control__help emotion-10 emotion-11"
                          id="inspector-select-control-0__help"
                        >
                          Make your EUR prices consistent by rounding them up after they're converted. 
                          <a
                            class="components-external-link"
                            href="https://woocommerce.com/document/woopayments/currencies/multi-currency-setup/#price-rounding"
                            rel="external noreferrer noopener"
                            target="_blank"
                          >
                            <span
                              class="components-external-link__contents"
                            >
                              Learn more
                            </span>
                            <span
                              aria-label="(opens in a new tab)"
                              class="components-external-link__icon"
                            >
                              â†—
                            </span>
                          </a>
                        </p>
                      </div>
                    </li>
                    <li>
                      <div
                        class="components-base-control emotion-14 emotion-15"
                      >
                        <div
                          class="components-base-control__field emotion-16 emotion-17"
                        >
                          <div
                            class="components-flex components-input-base components-select-control emotion-18 emotion-19 emotion-20 emotion-1"
                            data-wp-c16t="true"
                            data-wp-component="InputBase"
                          >
                            <div
                              class="components-flex-item emotion-22 emotion-23 emotion-1"
                              data-wp-c16t="true"
                              data-wp-component="FlexItem"
                            >
                              <label
                                class="components-truncate components-text components-input-control__label emotion-25 emotion-26 emotion-1"
                                data-wp-c16t="true"
                                data-wp-component="Text"
                                for="inspector-select-control-1"
                              >
                                Charm pricing
                              </label>
                            </div>
                            <div
                              class="components-input-control__container emotion-28 emotion-29"
                            >
                              <select
                                aria-describedby="inspector-select-control-1__help"
                                class="components-select-control__input emotion-30 emotion-31"
                                data-testid="price_charm"
                                id="inspector-select-control-1"
                              >
                                <option
                                  value="0"
                                >
                                  None
                                </option>
                                <option
                                  value="-0.01"
                                >
                                  -0.01
                                </option>
                                <option
                                  value="-0.05"
                                >
                                  -0.05
                                </option>
                              </select>
                              <span
                                class="components-input-control__suffix emotion-32 emotion-33"
                              >
                                <div
                                  class="components-input-control-suffix-wrapper emotion-34 emotion-35 emotion-36"
                                  data-wp-c16t="true"
                                  data-wp-component="InputControlSuffixWrapper"
                                >
                                  <div
                                    class="emotion-37 emotion-38"
                                  >
                                    <svg
                                      aria-hidden="true"
                                      focusable="false"
                                      height="18"
                                      viewBox="0 0 24 24"
                                      width="18"
                                      xmlns="http://www.w3.org/2000/svg"
                                    >
                                      <path
                                        d="M17.5 11.6L12 16l-5.5-4.4.9-1.2L12 14l4.5-3.6 1 1.2z"
                                      />
                                    </svg>
                                  </div>
                                </div>
                              </span>
                              <div
                                aria-hidden="true"
                                class="components-input-control__backdrop emotion-39 emotion-40"
                              />
                            </div>
                          </div>
                        </div>
                        <p
                          class="components-base-control__help emotion-10 emotion-11"
                          id="inspector-select-control-1__help"
                        >
                          Reduce the converted price for a specific amount. 
                          <a
                            class="components-external-link"
                            href="https://woocommerce.com/document/woopayments/currencies/multi-currency-setup/#charm-pricing"
                            rel="external noreferrer noopener"
                            target="_blank"
                          >
                            <span
                              class="components-external-link__contents"
                            >
                              Learn more
                            </span>
                            <span
                              aria-label="(opens in a new tab)"
                              class="components-external-link__icon"
                            >
                              â†—
                            </span>
                          </a>
                        </p>
                      </div>
                    </li>
                  </ul>
                </fieldset>
              </div>
            </div>
            <div
              aria-hidden="true"
              class="components-elevation emotion-72 emotion-1"
              data-wp-c16t="true"
              data-wp-component="Elevation"
            />
            <div
              aria-hidden="true"
              class="components-elevation emotion-72 emotion-1"
              data-wp-c16t="true"
              data-wp-component="Elevation"
            />
          </div>
        </div>
      </div>
      <div
        class="settings-section"
      >
        <div
          class="settings-section__details"
        >
          <h2>
            Preview
          </h2>
          <p>
            Enter a price in your default currency (United States (US) dollar) to see it converted to Euro using the exchange rate and formatting rules above.
          </p>
        </div>
        <div
          class="settings-section__controls"
        >
          <div
            class="components-surface components-card single-currency-settings-preview-wrapper emotion-0 emotion-1"
            data-wp-c16t="true"
            data-wp-component="Card"
          >
            <div
              class="emotion-2 emotion-1"
            >
              <div
                class="components-card__body components-card-body wcpay-card-body emotion-4 emotion-1"
                data-wp-c16t="true"
                data-wp-component="CardBody"
              >
                <div>
                  <div>
                    <div
                      class="components-base-control with-value emotion-14 emotion-15"
                    >
                      <div
                        class="components-base-control__field emotion-84 emotion-17"
                      >
                        <label
                          class="components-base-control__label emotion-86 emotion-87"
                          for="inspector-text-control-with-affixes-0"
                        >
                          United States (US) dollar
                        </label>
                        <div
                          class="text-control-with-affixes text-control-with-suffix"
                        >
                          <input
                            aria-describedby="inspector-text-control-with-affixes-0__suffix"
                            class="components-text-control__input"
                            data-testid="store_currency_value"
                            id="inspector-text-control-with-affixes-0"
                            type="text"
                            value="20"
                          />
                          <span
                            class="text-control-with-affixes__suffix"
                            id="inspector-text-control-with-affixes-0__suffix"
                          >
                            $
                          </span>
                        </div>
                      </div>
                    </div>
                  </div>
                </div>
                <div>
                  <div>
                    <div
                      class="components-base-control with-value emotion-14 emotion-15"
                    >
                      <div
                        class="components-base-control__field emotion-84 emotion-17"
                      >
                        <label
                          class="components-base-control__label emotion-86 emotion-87"
                          for="inspector-text-control-with-affixes-1"
                        >
                          Euro
                        </label>
                        <div
                          class="text-control-with-affixes disabled"
                        >
                          <input
                            aria-describedby=""
                            class="components-text-control__input"
                            data-testid="calculated_value"
                            disabled=""
                            id="inspector-text-control-with-affixes-1"
                            type="text"
                            value="â‚¬17.00"
                          />
                        </div>
                      </div>
                    </div>
                  </div>
                </div>
              </div>
            </div>
            <div
              aria-hidden="true"
              class="components-elevation emotion-72 emotion-1"
              data-wp-c16t="true"
              data-wp-component="Elevation"
            />
            <div
              aria-hidden="true"
              class="components-elevation emotion-72 emotion-1"
              data-wp-c16t="true"
              data-wp-component="Elevation"
            />
          </div>
        </div>
      </div>
      <div
        class="settings-section single-currency-settings-save-settings-section"
      >
        <div
          class="settings-section__details"
        />
        <div
          class="settings-section__controls"
        >
          <button
            class="components-button is-next-40px-default-size is-primary"
            disabled=""
            type="button"
          >
            Save changes
          </button>
        </div>
      </div>
    </div>
  </div>
</div>
`;
